../Core/Src/main.c:72:10:_write	24	static
../Core/Src/main.c:89:6:HAL_CAN_RxFifo0MsgPendingCallback	16	static
../Core/Src/main.c:98:5:main	32	static
../Core/Src/main.c:169:6:SystemClock_Config	88	static
../Core/Src/main.c:216:13:MX_CAN2_Init	8	static
../Core/Src/main.c:253:13:MX_TIM2_Init	56	static
../Core/Src/main.c:302:13:MX_TIM5_Init	56	static
../Core/Src/main.c:351:13:MX_USART2_UART_Init	8	static
../Core/Src/main.c:384:13:MX_GPIO_Init	56	static
../Core/Src/main.c:512:10:rot_get_state	16	static
../Core/Src/main.c:516:10:rot_get_state1	16	static
../Core/Src/main.c:521:6:HAL_GPIO_EXTI_Callback	16	static
../Core/Src/main.c:585:6:Error_Handler	4	static,ignoring_inline_asm
