../Core/Src/main.c:77:10:_write	24	static
../Core/Src/main.c:90:5:main	24	static
../Core/Src/main.c:154:6:SystemClock_Config	88	static
../Core/Src/main.c:200:13:MX_I2C1_Init	8	static
../Core/Src/main.c:234:13:MX_I2S3_Init	8	static
../Core/Src/main.c:268:13:MX_SPI1_Init	8	static
../Core/Src/main.c:306:13:MX_TIM2_Init	56	static
../Core/Src/main.c:355:13:MX_TIM3_Init	56	static
../Core/Src/main.c:404:13:MX_USART2_UART_Init	8	static
../Core/Src/main.c:437:13:MX_GPIO_Init	56	static
../Core/Src/main.c:525:10:rot_get_state	16	static
../Core/Src/main.c:531:6:HAL_GPIO_EXTI_Callback	16	static
../Core/Src/main.c:567:6:Error_Handler	4	static,ignoring_inline_asm
