../Core/Src/main.c:71:10:_write	24	static
../Core/Src/main.c:87:5:main	24	static
../Core/Src/main.c:147:6:SystemClock_Config	88	static
../Core/Src/main.c:193:13:MX_I2C1_Init	8	static
../Core/Src/main.c:227:13:MX_I2S3_Init	8	static
../Core/Src/main.c:261:13:MX_SPI1_Init	8	static
../Core/Src/main.c:299:13:MX_TIM3_Init	56	static
../Core/Src/main.c:348:13:MX_USART2_UART_Init	8	static
../Core/Src/main.c:381:13:MX_GPIO_Init	56	static
../Core/Src/main.c:469:10:rot_get_state	16	static
../Core/Src/main.c:475:6:HAL_GPIO_EXTI_Callback	16	static
../Core/Src/main.c:511:6:Error_Handler	4	static,ignoring_inline_asm
