../Core/Src/main.c:83:10:_write	24	static
../Core/Src/main.c:100:6:HAL_CAN_RxFifo0MsgPendingCallback	16	static
../Core/Src/main.c:109:5:main	32	static
../Core/Src/main.c:184:6:SystemClock_Config	88	static
../Core/Src/main.c:230:13:MX_CAN1_Init	8	static
../Core/Src/main.c:267:13:MX_CAN2_Init	8	static
../Core/Src/main.c:304:13:MX_I2C1_Init	8	static
../Core/Src/main.c:338:13:MX_I2S3_Init	8	static
../Core/Src/main.c:372:13:MX_SPI1_Init	8	static
../Core/Src/main.c:410:13:MX_TIM2_Init	56	static
../Core/Src/main.c:459:13:MX_TIM3_Init	56	static
../Core/Src/main.c:508:13:MX_USART2_UART_Init	8	static
../Core/Src/main.c:541:13:MX_GPIO_Init	56	static
../Core/Src/main.c:643:10:rot_get_state	16	static
../Core/Src/main.c:647:5:rot_get_state1	16	static
../Core/Src/main.c:652:6:HAL_GPIO_EXTI_Callback	16	static
../Core/Src/main.c:716:6:Error_Handler	4	static,ignoring_inline_asm
