../Core/Src/main.c:74:5:_write	24	static
../Core/Src/main.c:87:6:HAL_TIM_IC_CaptureCallback	24	static
../Core/Src/main.c:127:5:main	8	static
../Core/Src/main.c:179:6:SystemClock_Config	88	static
../Core/Src/main.c:225:13:MX_I2C1_Init	8	static
../Core/Src/main.c:259:13:MX_I2S3_Init	8	static
../Core/Src/main.c:293:13:MX_SPI1_Init	8	static
../Core/Src/main.c:331:13:MX_TIM1_Init	96	static
../Core/Src/main.c:406:13:MX_TIM2_Init	48	static
../Core/Src/main.c:464:13:MX_USART2_UART_Init	8	static
../Core/Src/main.c:497:13:MX_GPIO_Init	56	static
../Core/Src/main.c:606:6:Error_Handler	4	static,ignoring_inline_asm
