../Core/Src/main.c:72:10:_write	24	static
../Core/Src/main.c:92:7:map	32	static
../Core/Src/main.c:98:6:HAL_CAN_RxFifo1MsgPendingCallback	32	static
../Core/Src/main.c:139:5:main	8	static
../Core/Src/main.c:221:6:SystemClock_Config	88	static
../Core/Src/main.c:268:13:MX_CAN2_Init	48	static
../Core/Src/main.c:318:13:MX_TIM2_Init	56	static
../Core/Src/main.c:367:13:MX_TIM5_Init	56	static
../Core/Src/main.c:420:13:MX_USART2_UART_Init	8	static
../Core/Src/main.c:453:13:MX_GPIO_Init	56	static
../Core/Src/main.c:588:6:Error_Handler	4	static,ignoring_inline_asm
