../Core/Src/main.c:70:6:delay	16	static
../Core/Src/main.c:81:6:Set_Pin_Output	40	static
../Core/Src/main.c:91:6:Set_Pin_Input	40	static
../Core/Src/main.c:102:6:DHT11_Start	8	static
../Core/Src/main.c:113:9:DHT11_Check_Response	16	static
../Core/Src/main.c:128:9:DHT11_Read	16	static
../Core/Src/main.c:150:5:main	8	static
../Core/Src/main.c:212:6:SystemClock_Config	88	static
../Core/Src/main.c:258:13:MX_I2C1_Init	8	static
../Core/Src/main.c:292:13:MX_I2S3_Init	8	static
../Core/Src/main.c:326:13:MX_SPI1_Init	8	static
../Core/Src/main.c:364:13:MX_TIM6_Init	16	static
../Core/Src/main.c:402:13:MX_USART2_UART_Init	8	static
../Core/Src/main.c:435:13:MX_GPIO_Init	56	static
../Core/Src/main.c:554:6:Error_Handler	4	static,ignoring_inline_asm
