../Core/Src/main.c:67:6:delay	24	static
../Core/Src/main.c:73:5:_write	24	static
../Core/Src/main.c:84:6:Set_Pin_Output	40	static
../Core/Src/main.c:93:6:Set_Pin_Input	40	static
../Core/Src/main.c:104:6:DHT11_Start	8	static
../Core/Src/main.c:115:9:DHT11_Check_Response	16	static
../Core/Src/main.c:130:9:DHT11_Read	16	static
../Core/Src/main.c:155:5:main	8	static
../Core/Src/main.c:218:6:SystemClock_Config	88	static
../Core/Src/main.c:264:13:MX_I2C1_Init	8	static
../Core/Src/main.c:298:13:MX_SPI1_Init	8	static
../Core/Src/main.c:336:13:MX_TIM6_Init	16	static
../Core/Src/main.c:374:13:MX_USART2_UART_Init	8	static
../Core/Src/main.c:407:13:MX_GPIO_Init	56	static
../Core/Src/main.c:542:6:Error_Handler	4	static,ignoring_inline_asm
