../Core/Src/main.c:67:10:_write	24	static
../Core/Src/main.c:83:5:main	8	static
../Core/Src/main.c:133:6:SystemClock_Config	88	static
../Core/Src/main.c:180:13:MX_RTC_Init	8	static
../Core/Src/main.c:215:13:MX_TIM2_Init	56	static
../Core/Src/main.c:264:13:MX_TIM5_Init	56	static
../Core/Src/main.c:313:13:MX_USART2_UART_Init	8	static
../Core/Src/main.c:346:13:MX_GPIO_Init	48	static
../Core/Src/main.c:370:10:rot_get_state	16	static
../Core/Src/main.c:374:10:rot_get_state1	16	static
../Core/Src/main.c:379:6:HAL_GPIO_EXTI_Callback	16	static
../Core/Src/main.c:443:6:Error_Handler	4	static,ignoring_inline_asm
