18:23:07 **** Incremental Build of configuration Debug for project can_receive ****
make -j20 all 
arm-none-eabi-size   can_receive.elf 
   text	   data	    bss	    dec	    hex	filename
  30164	    484	   1924	  32572	   7f3c	can_receive.elf
Finished building: default.size.stdout
 
18:23:09 **** Incremental Build of configuration Debug for project can_receive ****
make -j20 all 
arm-none-eabi-size   can_receive.elf 
   text	   data	    bss	    dec	    hex	filename
  30164	    484	   1924	  32572	   7f3c	can_receive.elf
Finished building: default.size.stdout
 
