19:02:31 **** Incremental Build of configuration Debug for project can1 ****
make -j20 all 
arm-none-eabi-gcc "../Core/Src/main.c" -mcpu=cortex-m3 -std=gnu11 -g3 -DDEBUG -DUSE_HAL_DRIVER -DSTM32F103xB -c -I../Core/Inc -I../Drivers/STM32F1xx_HAL_Driver/Inc/Legacy -I../Drivers/STM32F1xx_HAL_Driver/Inc -I../Drivers/CMSIS/Device/ST/STM32F1xx/Include -I../Drivers/CMSIS/Include -O0 -ffunction-sections -fdata-sections -Wall -fstack-usage -MMD -MP -MF"Core/Src/main.d" -MT"Core/Src/main.o" --specs=nano.specs -mfloat-abi=soft -mthumb -o "Core/Src/main.o"
arm-none-eabi-gcc -o "can1.elf" @"objects.list"   -mcpu=cortex-m3 -T"/home/theara/Teaching/stm32_lab/can1/STM32F103C8TX_FLASH.ld" --specs=nosys.specs -Wl,-Map="can1.map" -Wl,--gc-sections -static --specs=nano.specs -mfloat-abi=soft -mthumb -Wl,--start-group -lc -lm -Wl,--end-group
Finished building target: can1.elf
 
arm-none-eabi-size   can1.elf 
arm-none-eabi-objdump -h -S  can1.elf  > "can1.list"
   text	   data	    bss	    dec	    hex	filename
   7388	     20	   1644	   9052	   235c	can1.elf
Finished building: default.size.stdout
 
Finished building: can1.list
 
19:02:34 **** Incremental Build of configuration Debug for project can1 ****
make -j20 all 
arm-none-eabi-size   can1.elf 
   text	   data	    bss	    dec	    hex	filename
   7388	     20	   1644	   9052	   235c	can1.elf
Finished building: default.size.stdout
 
